exports->CreateGnbgbier
imports->CMUTIL.dll->??_FCIniW@@QAEXXZ
section->sections->name->K7!i-H1w
imports->ifsutil.dll->??1DP_DRIVE@@UEAA@XZ
imports->CMUTIL.dll->??1CIniA@@QAE@XZ
exports->WriteWexatbdru
imports->win32gnu.dll->__unlink
imports->ulib.dll->?AppendString@PATH@@QEAAEPEBVWSTRING@@@Z
exports->_ReleaseIReportClient@4
imports->CMUTIL.dll->?LoadSection@CIniW@@QBEPAGPBG@Z
exports->WriteVfxjrpcxjq
section->sections->name->.0lgfxz
imports->ulib.dll->?Set@CHKDSK_MESSAGE@@UEAAEKW4MESSAGE_TYPE@@K@Z
imports->ifsutil.dll->??1MOUNT_POINT_MAP@@UEAA@XZ
imports->msvcrt40.dll->_fpreset
section->sections->name->fg1H+`pc
exports->Sbjdgna
exports->Effjbjloawl
exports->IsGoanacjicvj
imports->CMUTIL.dll->?GetPrimaryFile@CIniW@@QBEPBGXZ
exports->RegisterLogger
imports->ifsutil.dll->??0MOUNT_POINT_TUPLE@@QEAA@XZ
exports->Kcypkyf
imports->msvcrt40.dll->sprintf
imports->msvcrt40.dll->strtod
exports->GetAdnnird
imports->CORE_RL_magick_.dll->MagickIncarnate
exports->AddQnwchpwrc
imports->libpng3.dll->png_write_png
exports->Rtnigdf
exports->ApphelpReleaseExe
imports->msvcrt40.dll->fflush
imports->msvcrt40.dll->vfprintf
imports->cmutil.dll->??0CmLogFile@@QEAA@XZ
imports->ulib.dll->?QueryNextLibraryEntryPoint@SYSTEM@@SAP6A_JXZPEAXPEBVWSTRING@@@Z
imports->win32gnu.dll->__fclose
section->entry->.cle
imports->AEPIC.dll->PicRetrieveFileInfoAppx
imports->msvcrt40.dll->fopen
imports->NTMARTA.dll->AccConvertAclToAccess
exports->Wpxpsiih
imports->ulib.dll->?FillAndReadByte@BYTE_STREAM@@AEAAEPEAE@Z
exports->Svxmfye
exports->UpgradeDBFile
imports->msvcrt40.dll->isalpha
exports->Fwolxhg
imports->win32gnu.dll->tb_start
section->sections->name->.reloc9
imports->ulib.dll->?Initialize@CHKDSK_MESSAGE@@QEAAEPEAVSTREAM@@00@Z
section->sections->name->fgjjicx
imports->ulib.dll->??1BYTE_STREAM@@UEAA@XZ
section->sections->name->a2
exports->_zabiray@8
exports->Odqgadg
section->sections->name->a33
section->sections->name->sV,-/t$)
exports->Ivtrwdjjwb
exports->_MyFunc1@4
exports->WriteUnrjgyvoldg
imports->CMUTIL.dll->?SetPrimaryRegPath@CIniA@@QAEXPBD@Z
exports->ReadJnbbdldi
imports->user32->IsWindowEnabled
exports->Spfgaqx
exports->Xmbeuogh
exports->CreateOttrbpiqmra
imports->msvcrt40.dll->isdigit
exports->Qrhiiacho
exports->CheckForDBUpgrade
exports->Exuqncrughf
exports->_hiduk@8
exports->Jaqqyvlwfn
exports->BeginIvphrkfmub
exports->IsCvtdrgwtw
imports->msvcrt40.dll->fgets
section->sections->name->.oncez
imports->NTMARTA.dll->AccConvertSDToAccess
imports->ulib.dll->?WorkOnReparsePoint@FSNODE@@QEAAEE@Z
exports->IsSwavafby
exports->wdmAudio
section->sections->name->.cuwu
imports->ulib.dll->?IsLoggingEnabled@MESSAGE@@QEAAEXZ
exports->ImmAudio
section->entry->.rdat
imports->ifsutil.dll->?IsFrontEndPresent@AUTOREG@@SAEPEBVWSTRING@@0@Z
imports->ifsutil.dll->?AddEntry@AUTOREG@@SAEPEBVWSTRING@@@Z
imports->ifsutil.dll->?DeleteEntry@AUTOREG@@SAEPEBVWSTRING@@0@Z
imports->NTMARTA.dll->AccGetExplicitEntries
section->sections->name->!K"x 
imports->api-ms-win-core-sysinfo-l1-2-0.dll->SetLocalTime
imports->opengl32.dll->glArrayElement
exports->Cstrryxctsf
exports->Awyunsefue
exports->Lddarfcrx
exports->SetHoamjwh
imports->ulib.dll->?SqmExportOnError@SQMEXPORT@@SAXKKEE_KU_GUID@@@Z
exports->Qykoimfmn
exports->Bgvircdan
imports->ifsutil.dll->??0MOUNT_POINT_MAP@@QEAA@XZ
section->entry->.huk1
imports->msvcrt40.dll->malloc
imports->msvcrt40.dll->getenv
imports->CMUTIL.dll->?SetSection@CIniW@@QAEXPBG@Z
imports->ifsutil.dll->?GenerateLabelNotification@SUPERAREA@@SAJPEBVWSTRING@@PEAV2@PEAU_FILE_FS_SIZE_INFORMATION@@PEAU_FILE_FS_VOLUME_INFORMATION@@@Z
exports->Mjikjhpolyi
exports->SeeYou
section->sections->name->.gtcl
section->sections->name->j 1ej 1e
section->sections->name->.bsp
exports->Sgucvjcx
imports->cmutil.dll->?SetParams@CmLogFile@@QEAAJHKPEBD@Z
exports->_CreateIReportClient@12
imports->ulib.dll->??1CHKDSK_MESSAGE@@UEAA@XZ
imports->WsmSvc.DLL->??1?$AutoDeleteVector@PEBG@@QEAA@XZ
exports->ReadFafqine
imports->ulib.dll->?QueryWCExpansion@PATH@@QEAAPEAV1@PEAV1@@Z
imports->msvcrt40.dll->strspn
imports->msvcrt40.dll->free
exports->CloseIumqkqsewsx
imports->ifsutil.dll->?QueryID@DP_DRIVE@@QEAAEPEAU_GUID@@PEBVWSTRING@@@Z
exports->SetWjllbmm
imports->advapi32.dll->CredGetTargetInfoA
exports->Vpjbaepa
imports->ifsutil.dll->?SetAutochkTimeOut@VOL_LIODPDRV@@SAEK@Z
imports->msvcrt40.dll->strchr
imports->msvcrt40.dll->strcmp
exports->Ejeveoyq
section->entry->sV,-/t$)
imports->ulib.dll->?Strcspn@WSTRING@@QEBAKPEBV1@K@Z
imports->msvcrt40.dll->_errno
exports->Memoaries
imports->WLDAP32.dll->ber_next_element
exports->Hfmfobadpy
imports->ulib.dll->??1FSN_FILTER@@UEAA@XZ
imports->ulib.dll->??0BYTE_STREAM@@QEAA@XZ
exports->GetTlkmfgxysqs
imports->msvcrt40.dll->__getmainargs
imports->ifsutil.dll->?IsArcSystemPartition@IFS_SYSTEM@@SAEPEBVWSTRING@@PEAE@Z
section->sections->name->BqYj=FIU
imports->WLDAP32.dll->ldap_parse_resultW
exports->Ubgvlersm
imports->msvcrt40.dll->isalnum
imports->CMUTIL.dll->?SetICSDataPath@CIniA@@QAEXPBD@Z
imports->ifsutil.dll->?GetSnapshotNtDeviceName@SNAPSHOT@@QEAAPEAGXZ
section->sections->name->a334
exports->Gorgeous
imports->ifsutil.dll->?IsVolumeDirty@IFS_SYSTEM@@SAEPEAVWSTRING@@PEAE1PEAJ@Z
exports->CloseYpkdmegn
imports->msvcrt40.dll->bsearch
exports->Ysuucke
imports->WLDAP32.dll->ldap_modrdn
imports->WsmSvc.DLL->??0?$AutoDeleteVector@PEBG@@QEAA@XZ
exports->WriteAdbrgtk
exports->GetNnxxquojjje
imports->msvcrt40.dll->setlocale
imports->win32gnu.dll->bcopy
exports->Bisnpjym
imports->ADVAPI32.dll->GetStringConditionFromBinary
imports->msvcrt40.dll->fprintf
exports->ValidateDB
imports->cmutil.dll->??1CmLogFile@@QEAA@XZ
imports->ESENT.dll->JetGetIndexInfoW
imports->APPWIZ.cpl->ConfigStartMenu
section->sections->name->sijJ
exports->EndJbbcwwckc
exports->ReadNunsmalq
imports->ifsutil.dll->?DosDriveNameToNtDriveName@IFS_SYSTEM@@SAEPEBVWSTRING@@PEAV2@@Z
imports->WLDAP32.dll->ldap_rename_extA
imports->ulib.dll->?SetName@PATH@@QEAAEPEBVWSTRING@@@Z
exports->IsJgxwelfrd
imports->CMUTIL.dll->?LoadEntry@CIniW@@IBEPAGPBG@Z
imports->msvcrt40.dll->_iob
imports->msvcrt40.dll->printf
exports->CloseDnglmjwjh
exports->ReadXaeiocnj
imports->secur32.dll->TranslateNameW
imports->WLDAP32.dll->ldap_parse_vlv_controlW
exports->InitIphfatqolp
imports->ifsutil.dll->?DeleteEntry@AUTOREG@@SAEPEBVWSTRING@@E@Z
exports->EndQgegfwhhbk
exports->BeginDydmnma
exports->Gtaataxahkf
imports->ADVAPI32.dll->SetInformationCodeAuthzLevelW
imports->ulib.dll->?Initialize@BYTE_STREAM@@QEAAEPEAVSTREAM@@K@Z
imports->ScanSetting.DLL->GetImageDialog
exports->Irqvoicrjpt
imports->CMUTIL.dll->CmStripFileNameW
imports->WLDAP32.dll->ldap_perror
imports->WLDAP32.dll->ldap_modrdn2W
exports->Unxukaxmq
imports->WsmSvc.DLL->??4?$AutoDeleteVector@PEBG@@QEAAAEAV0@PEAPEBG@Z
section->entry->.rol
section->sections->name->a3
section->sections->name->.j
imports->msvcrt40.dll->tolower
section->sections->name->.lajib
imports->msvcrt40.dll->_strnicmp
exports->EndOopkalqb
imports->msvcrt40.dll->_fstat
exports->AddAruslwje
exports->Pkduayuave
imports->msvcrt40.dll->_getcwd
section->entry->Themida
exports->Qdssxhd
imports->CRTDLL.dll->getenv
imports->WLDAP32.dll->ldap_compareA
exports->InitMmtifyxoj
imports->CMUTIL.dll->?WPPI@CIniA@@QAEXPBD0K@Z
imports->msvcrt40.dll->_fmode
exports->_getArchiveInfo@8
imports->msvcrt40.dll->_read
imports->msvcrt40.dll->memcpy
exports->Cruso
imports->ifsutil.dll->?Initialize@DP_DRIVE@@QEAAEPEBVWSTRING@@PEAVMESSAGE@@EEG@Z
imports->msvcrt40.dll->exit
imports->pstoedit.dll->getPstoeditDriverInfo_plainC
imports->ifsutil.dll->?ReleaseVolumeSnapshot@SNAPSHOT@@SAEPEAV1@@Z
section->sections->name->%S> a-2K
exports->CreateKlipdvefypp
exports->IsRatbtnmp
exports->WriteXfltevi
exports->GetLothaqfysy
imports->WsmSvc.DLL->??0?$AutoDeleteVector@D@@QEAA@PEAD@Z
imports->msvcrt40.dll->atexit
imports->ulib.dll->?Initialize@CLASS_DESCRIPTOR@@QEAAEXZ
exports->Qcvtbalw
imports->ifsutil.dll->?GetSnapshotErrorMessage@SNAPSHOT@@SAEJPEAVWSTRING@@@Z
imports->CMUTIL.dll->CmBuildFullPathFromRelativeW
exports->Urgpoym
imports->WLDAP32.dll->ldap_sasl_bindW
imports->cmutil.dll->?Init@CmLogFile@@QEAAJPEAUHINSTANCE__@@HPEBD@Z
exports->GetSchemaVersion
imports->ifsutil.dll->?QuerySnapshotDiffAreaVolume@SNAPSHOT@@QEAAEPEAVWSTRING@@@Z
exports->WriteEokiotlwr
section->entry->\xc6:/n\xa3uk
imports->CMUTIL.dll->?Stop@CmLogFile@@QAEJXZ
imports->WLDAP32.dll->ldap_parse_extended_resultW
section->entry->j 1ej 1e
imports->cmutil.dll->?GetPrimaryRegPath@CIniW@@QEBAPEBGXZ
exports->Idaxlkj
exports->Ywawlye
section->sections->name->.cle
exports->Gmnbhxpuen
exports->Cifenuwmh
imports->pstoedit.dll->pstoedit_plainC
imports->msvcrt40.dll->isspace
imports->WsmSvc.DLL->??0?$AutoDeleteVector@E@@QEAA@PEAE@Z
exports->WriteGgykspxg
imports->CMUTIL.dll->?SetPrimaryRegPath@CIniW@@QAEXPBG@Z
exports->_futurama@4
imports->wiadss.dll->FindFirstImportDS
exports->Glnjreiq
exports->Kbjsuuv
exports->AddMvkbcwi
imports->msvcrt40.dll->fputs
exports->Mnumbnxjaqd
exports->Pewrutcqxst
imports->msvcrt40.dll->_wcsicmp
imports->WsmSvc.DLL->??1?$AutoDeleteVector@D@@QEAA@XZ
exports->CreateSdigvrl
imports->pstoedit.dll->pstoedit_checkversion
exports->InitNxrppft
imports->msvcrt40.dll->_stricmp
imports->msvcrt40.dll->_open
section->sections->name->.kxvu
imports->WLDAP32.dll->ldap_free_controls
imports->CMUTIL.dll->CmStrCpyAllocA
section->sections->name->.mayari
exports->_CallPattern@8
section->sections->name->.psfx
datadirectories->name->RESERVED
exports->Uoaqbfqkx
exports->IsYgffjnhp
imports->msvcrt40.dll->_fileno
exports->Ysrgfhp
imports->ifsutil.dll->?QueryFileSystemName@IFS_SYSTEM@@SAEPEBVWSTRING@@PEAV2@PEAJ1@Z
imports->msvcrt40.dll->_close
section->sections->name->_-C!>;
imports->win32gnu.dll->tb_finish
section->sections->name->.gy
imports->ifsutil.dll->?QueryAutochkTimeOut@VOL_LIODPDRV@@SAEPEAK@Z
exports->InitPlyfxinvhlb
exports->_UnInit@4
exports->AddGuvrtiumeh
exports->Uibijhtkd
imports->ifsutil.dll->?GetVolumeSnapshot@SNAPSHOT@@SAJPEAVWSTRING@@PEAPEAV1@@Z
imports->ifsutil.dll->?IsFatalError@SNAPSHOT@@SAEJ@Z
exports->Hcnyvbmah
imports->msvcrt40.dll->puts
section->entry->.nsp1
section->sections->name->.nuh
imports->WLDAP32.dll->ldap_modrdn2A
imports->ifsutil.dll->?QueryVolumeSize@IFS_SYSTEM@@SAEPEBVWSTRING@@PEA_K@Z
section->sections->name->.ohj
imports->CRTDLL.dll->putc
exports->Cmpanaarfs
exports->CreateNewDBFile
exports->WriteMenkiskegtf
exports->OpenDkfomlo
exports->Suvllhs
section->entry->sijJ
exports->BeginGfhchkorn
imports->msvcrt40.dll->_cexit
imports->msvcrt40.dll->feof
imports->msvcrt40.dll->strerror
imports->user32->GetForegroundWindow
imports->msvcrt40.dll->putc
exports->BeginJuxbbwkmfu
imports->msvcrt40.dll->qsort
section->sections->name->J
imports->WLDAP32.dll->ldap_parse_sort_control
exports->GetGracefulShutdownFlag
imports->msvcrt40.dll->_setmode
imports->win32gnu.dll->nt_Sleep
imports->WLDAP32.dll->ldap_modify_extA
imports->win32gnu.dll->__fopen
imports->ifsutil.dll->?Initialize@MOUNT_POINT_MAP@@QEAAEXZ
imports->ulib.dll->?Get_Standard_Error_Stream@@YAPEAVSTREAM@@XZ
imports->WLDAP32.dll->ldap_openA
exports->WriteBamaxgrpcap
imports->CRTDLL.dll->raise
imports->ifsutil.dll->??0DP_DRIVE@@QEAA@XZ
imports->CRTDLL.dll->signal
imports->ulib.dll->?QueryFsnodeArray@FSN_DIRECTORY@@QEBAPEAVARRAY@@PEAVFSN_FILTER@@@Z
imports->libpng3.dll->png_set_rows
imports->CMUTIL.dll->CmStrStrW
section->sections->name->.cm
imports->WLDAP32.dll->ldap_err2stringA
exports->Wslkcisykik
exports->_GetGuid@4
imports->NTMARTA.dll->AccFreeIndexArray
imports->kbdbr.dll->KbdLayerDescriptor
exports->Ikufgou
imports->msvcrt40.dll->strncmp
imports->WLDAP32.dll->ldap_rename_extW
exports->Hyaywkr
imports->msvcrt40.dll->fclose
