exports->Memoaries
exports->GetLothaqfysy
exports->EndJbbcwwckc
exports->IsYgffjnhp
section->sections->name->fg1H+`pc
exports->WriteAdbrgtk
exports->_futurama@4
section->sections->name->.0lgfxz
exports->Ysuucke
exports->Kbjsuuv
exports->Jaqqyvlwfn
imports->secur32.dll->TranslateNameW
exports->Cstrryxctsf
exports->ReadXaeiocnj
imports->WLDAP32.dll->ldap_sasl_bindW
exports->Kcypkyf
exports->Qrhiiacho
exports->OpenDkfomlo
exports->CloseYpkdmegn
exports->GetNnxxquojjje
section->entry->Themida
exports->Xmbeuogh
imports->CMUTIL.dll->?SetSection@CIniW@@QAEXPBG@Z
exports->AddGuvrtiumeh
exports->_GetGuid@4
exports->Rtnigdf
exports->CreateGnbgbier
imports->CMUTIL.dll->?SetICSDataPath@CIniA@@QAEXPBD@Z
exports->Bisnpjym
exports->CloseIumqkqsewsx
exports->Wpxpsiih
imports->WLDAP32.dll->ldap_openA
exports->Uoaqbfqkx
imports->WLDAP32.dll->ldap_rename_extW
exports->SetHoamjwh
imports->WLDAP32.dll->ldap_compareA
section->sections->name->a334
exports->Effjbjloawl
imports->CMUTIL.dll->??_FCIniW@@QAEXXZ
exports->Wslkcisykik
exports->WriteXfltevi
section->entry->.rdat
exports->Mjikjhpolyi
exports->CreateOttrbpiqmra
exports->InitMmtifyxoj
exports->Glnjreiq
imports->WLDAP32.dll->ldap_free_controls
imports->WLDAP32.dll->ldap_modify_extA
section->sections->name->.ohj
imports->WLDAP32.dll->ldap_parse_extended_resultW
exports->CreateKlipdvefypp
section->sections->name->sV,-/t$)
exports->WriteMenkiskegtf
imports->CMUTIL.dll->?WPPI@CIniA@@QAEXPBD0K@Z
section->sections->name->fgjjicx
exports->WriteBamaxgrpcap
section->sections->name->.lajib
exports->EndOopkalqb
imports->WLDAP32.dll->ldap_rename_extA
section->sections->name->.j
imports->WLDAP32.dll->ber_next_element
section->entry->.nsp1
imports->user32->IsWindowEnabled
exports->Bgvircdan
imports->CMUTIL.dll->??1CIniA@@QAE@XZ
exports->CloseDnglmjwjh
exports->AddQnwchpwrc
imports->ADVAPI32.dll->SetInformationCodeAuthzLevelW
exports->Hfmfobadpy
exports->Ubgvlersm
exports->IsRatbtnmp
imports->opengl32.dll->glArrayElement
exports->Idaxlkj
exports->Exuqncrughf
exports->Unxukaxmq
exports->AddAruslwje
section->sections->name->.mayari
exports->Sbjdgna
exports->Irqvoicrjpt
imports->WLDAP32.dll->ldap_modrdn2A
exports->BeginIvphrkfmub
exports->WriteGgykspxg
imports->CMUTIL.dll->CmStrStrW
imports->WLDAP32.dll->ldap_err2stringA
exports->_zabiray@8
exports->Cifenuwmh
section->entry->sV,-/t$)
exports->Ysrgfhp
exports->GetAdnnird
exports->WriteWexatbdru
section->sections->name->J
exports->WriteEokiotlwr
exports->ReadJnbbdldi
imports->CMUTIL.dll->?GetPrimaryFile@CIniW@@QBEPBGXZ
exports->Svxmfye
exports->Pewrutcqxst
imports->WLDAP32.dll->ldap_perror
exports->WriteUnrjgyvoldg
exports->Hyaywkr
section->sections->name->a3
exports->Ivtrwdjjwb
imports->WLDAP32.dll->ldap_parse_resultW
imports->CMUTIL.dll->?LoadEntry@CIniW@@IBEPAGPBG@Z
exports->Cmpanaarfs
exports->InitIphfatqolp
imports->CMUTIL.dll->?Stop@CmLogFile@@QAEJXZ
imports->CMUTIL.dll->CmStrCpyAllocA
exports->Mnumbnxjaqd
imports->CMUTIL.dll->CmBuildFullPathFromRelativeW
exports->_CallPattern@8
exports->SetWjllbmm
exports->_CreateIReportClient@12
exports->_ReleaseIReportClient@4
imports->CMUTIL.dll->?LoadSection@CIniW@@QBEPAGPBG@Z
section->sections->name->K7!i-H1w
exports->WriteVfxjrpcxjq
imports->WLDAP32.dll->ldap_parse_vlv_controlW
exports->Qcvtbalw
exports->_getArchiveInfo@8
exports->AddMvkbcwi
exports->Uibijhtkd
exports->_hiduk@8
exports->Odqgadg
imports->WLDAP32.dll->ldap_modrdn
exports->IsSwavafby
imports->user32->GetForegroundWindow
exports->EndQgegfwhhbk
exports->BeginDydmnma
section->sections->name->a33
imports->WLDAP32.dll->ldap_modrdn2W
section->entry->sijJ
exports->Urgpoym
exports->Gtaataxahkf
exports->Awyunsefue
exports->Lddarfcrx
exports->IsJgxwelfrd
exports->_UnInit@4
exports->GetTlkmfgxysqs
exports->Gmnbhxpuen
section->sections->name->a2
exports->Qykoimfmn
imports->CMUTIL.dll->CmStripFileNameW
section->sections->name->BqYj=FIU
exports->Vpjbaepa
section->entry->.rol
exports->BeginJuxbbwkmfu
section->sections->name->%S> a-2K
section->sections->name->.cuwu
exports->Ejeveoyq
exports->BeginGfhchkorn
imports->CMUTIL.dll->?SetPrimaryRegPath@CIniW@@QAEXPBG@Z
exports->Ywawlye
imports->APPWIZ.cpl->ConfigStartMenu
exports->Spfgaqx
exports->Pkduayuave
exports->Qdssxhd
imports->advapi32.dll->CredGetTargetInfoA
exports->InitPlyfxinvhlb
exports->IsCvtdrgwtw
exports->ReadFafqine
exports->Gorgeous
exports->Cruso
exports->Hcnyvbmah
exports->Fwolxhg
exports->Suvllhs
exports->Sgucvjcx
exports->IsGoanacjicvj
imports->WLDAP32.dll->ldap_parse_sort_control
exports->_MyFunc1@4
exports->ReadNunsmalq
exports->CreateSdigvrl
exports->Ikufgou
datadirectories->name->RESERVED
imports->CMUTIL.dll->?SetPrimaryRegPath@CIniA@@QAEXPBD@Z
section->sections->name->.reloc9
exports->InitNxrppft
exports->SeeYou
section->sections->name->sijJ
